// Start

Date: 11-04-2017

Time: 11-04-2017 12:23:34

// End.
